// Jest Snapshot v1, https://goo.gl/fbAQLP

exports[`Storyshots CollapsiblePanel Default 1`] = `
<div
  className="sc-bdVaJa igQpFe storybook-collapsiblepanel"
>
  <h3
    className="sc-bwzfXH jivAqU"
  >
    Collapsed
  </h3>
  <div
    className="sc-gzVnrw buvgTs sc-collapsiblepanel"
  >
    <div
      className="sc-htoDjs kLoPxj sc-collapsiblepanel-header"
      onClick={[Function]}
    >
      <div
        className="sc-ifAKCX cowwjD"
      >
        <div
          className="sc-EHOje fIJFsa"
        >
          <i
            className="fas fa-carrot"
          />
        </div>
        <div
          className="sc-EHOje fIJFsa"
        >
          banana
        </div>
        <div
          className="sc-EHOje fIJFsa"
        >
          apple
        </div>
        <div
          className="sc-EHOje fIJFsa"
        >
          grape
        </div>
      </div>
      <div
        className="sc-bZQynM fVrpVN"
      >
        <i
          className="fas fa-angle-down"
        />
      </div>
    </div>
  </div>
  <h3
    className="sc-bwzfXH jivAqU"
  >
    Expanded
  </h3>
  <div
    className="sc-gzVnrw buvgTs sc-collapsiblepanel"
  >
    <div
      className="sc-htoDjs kLoPxj sc-collapsiblepanel-header"
      onClick={[Function]}
    >
      <div
        className="sc-ifAKCX cowwjD"
      >
        <div
          className="sc-EHOje fIJFsa"
        >
          <i
            className="fas fa-carrot"
          />
        </div>
        <div
          className="sc-EHOje fIJFsa"
        >
          banana
        </div>
        <div
          className="sc-EHOje fIJFsa"
        >
          apple
        </div>
        <div
          className="sc-EHOje fIJFsa"
        >
          grape
        </div>
      </div>
      <div
        className="sc-bZQynM fVrpVN"
      >
        <i
          className="fas fa-angle-up"
        />
      </div>
    </div>
    <div
      className="sc-dnqmqq gbLoPM sc-collapsiblepanel-content"
    >
      orange
    </div>
  </div>
</div>
`;
