// Jest Snapshot v1, https://goo.gl/fbAQLP

exports[`Storyshots StatusBar Default 1`] = `
<div
  className="sc-bwzfXH hilSGa"
>
  <h3
    className="sc-htpNat loHzkE"
  >
    Vege-Lite statusbar demo
  </h3>
  <div
    className="sc-bdVaJa bDWFJH sc-vegachart"
    id="vis"
  />
</div>
`;
