// Jest Snapshot v1, https://goo.gl/fbAQLP

exports[`Storyshots Sidebar Default 1`] = `
<div>
  <h3>
    Sidebar docked
  </h3>
  <div
    style={
      Object {
        "width": "55px",
      }
    }
  >
    <div
      className="sc-bdVaJa knGEoz sc-sidebar"
    >
      <div
        className="sc-bwzfXH dhLsZh sc-sidebar-item"
        onClick={[Function]}
        title="Dashboard"
      >
        <div
          className="sc-ifAKCX irnTxV"
        >
          <i
            className="fas fa-tachometer-alt"
          />
        </div>
        <div
          className="sc-bxivhb izdkiU"
        />
      </div>
      <div
        className="sc-bwzfXH fkuKSQ sc-sidebar-item"
        onClick={[Function]}
        title="Servers"
      >
        <div
          className="sc-ifAKCX irnTxV"
        >
          <i
            className="fas fa-server"
          />
        </div>
      </div>
      <div
        className="sc-bwzfXH fkuKSQ sc-sidebar-item"
        onClick={[Function]}
        title="Disks"
      >
        <div
          className="sc-ifAKCX irnTxV"
        >
          <i
            className="fas fa-hdd"
          />
        </div>
      </div>
    </div>
  </div>
  <h3>
    Sidebar expanded
  </h3>
  <div
    style={
      Object {
        "width": "150px",
      }
    }
  >
    <div
      className="sc-bdVaJa jrrPLb sc-sidebar"
    >
      <div
        className="sc-bwzfXH dhLsZh sc-sidebar-item"
        onClick={[Function]}
        title="Dashboard"
      >
        <div
          className="sc-ifAKCX irnTxV"
        >
          <i
            className="fas fa-tachometer-alt"
          />
        </div>
        <div
          className="sc-htpNat jyYvCB"
        >
          Dashboard
        </div>
        <div
          className="sc-bxivhb izdkiU"
        />
      </div>
      <div
        className="sc-bwzfXH fkuKSQ sc-sidebar-item"
        onClick={[Function]}
        title="Servers"
      >
        <div
          className="sc-ifAKCX irnTxV"
        >
          <i
            className="fas fa-server"
          />
        </div>
        <div
          className="sc-htpNat jyYvCB"
        >
          Servers
        </div>
      </div>
      <div
        className="sc-bwzfXH fkuKSQ sc-sidebar-item"
        onClick={[Function]}
        title="Disks"
      >
        <div
          className="sc-ifAKCX irnTxV"
        >
          <i
            className="fas fa-hdd"
          />
        </div>
        <div
          className="sc-htpNat jyYvCB"
        >
          Disks
        </div>
      </div>
    </div>
  </div>
</div>
`;
