// Jest Snapshot v1, https://goo.gl/fbAQLP

exports[`Storyshots billboard-piechart Default 1`] = `
<div>
  <h3>
    billboard piechart demo
  </h3>
  <div
    className="sc-bdVaJa bDWFJH sc-billboardpiechart"
    id="pieChart"
  />
</div>
`;
