// Jest Snapshot v1, https://goo.gl/fbAQLP

exports[`Storyshots TextArea Default 1`] = `
<div
  className="sc-bwzfXH dNCSlp"
>
  <h3
    className="sc-htpNat iELaDV"
  >
    Text Area without label
  </h3>
  <textarea
    className="sc-bdVaJa jItPTD sc-textarea"
    cols={50}
    id="text"
    onChange={[Function]}
    rows={10}
    value="Add a note"
  />
  <h3
    className="sc-htpNat iELaDV"
  >
    Text Area disabled
  </h3>
  <textarea
    className="sc-bdVaJa jItPTD sc-textarea"
    cols={50}
    disabled={true}
    onChange={[Function]}
    placeholder="Text area input"
    rows={10}
    value=""
  />
</div>
`;
