// Jest Snapshot v1, https://goo.gl/fbAQLP

exports[`Storyshots Chips Default 1`] = `
<div
  className="sc-gZMcBi cINIPt storybook-chips"
>
  <h3
    className="sc-gqjmRU eVYvlN"
  >
    Basic Chip
  </h3>
  <div
    className="sc-htoDjs kCoBe sc-chips"
    size="base"
  >
    <span
      className="sc-iwsKbI jVLeHm sc-chips-text"
    >
      Basic Chip
    </span>
  </div>
  <div
    className="sc-htoDjs czkcKz sc-chips"
    size="base"
  >
    <span
      className="sc-iwsKbI jVLeHm sc-chips-text"
    >
      Basic Chip
    </span>
  </div>
  <div
    className="sc-htoDjs dLulgF sc-chips"
    size="base"
  >
    <span
      className="sc-iwsKbI jVLeHm sc-chips-text"
    >
      Basic Chip
    </span>
  </div>
  <div
    className="sc-htoDjs egXQuG sc-chips"
    size="base"
  >
    <span
      className="sc-iwsKbI jVLeHm sc-chips-text"
    >
      Basic Chip
    </span>
  </div>
  <h3
    className="sc-gqjmRU eVYvlN"
  >
    Clickable Chip
  </h3>
  <div
    className="sc-htoDjs iNNLyC sc-chips"
    onClick={[Function]}
    size="base"
  >
    <span
      className="sc-dnqmqq fUrOWU sc-chips-icon"
      size="base"
    >
      <i
        className="fas fa-star"
      />
    </span>
    <span
      className="sc-iwsKbI jkfBoi sc-chips-text"
    >
      Clickable Chip
    </span>
  </div>
  <div
    className="sc-htoDjs fNuadc sc-chips"
    onClick={[Function]}
    size="base"
  >
    <span
      className="sc-dnqmqq hIRPMN sc-chips-icon"
      size="base"
    >
      <i
        className="fas fa-star"
      />
    </span>
    <span
      className="sc-iwsKbI jkfBoi sc-chips-text"
    >
      Clickable Chip
    </span>
  </div>
  <div
    className="sc-htoDjs dVYTkY sc-chips"
    onClick={[Function]}
    size="base"
  >
    <span
      className="sc-dnqmqq gDHVpp sc-chips-icon"
      size="base"
    >
      <i
        className="fas fa-star"
      />
    </span>
    <span
      className="sc-iwsKbI jkfBoi sc-chips-text"
    >
      Clickable Chip
    </span>
  </div>
  <div
    className="sc-htoDjs khHVey sc-chips"
    onClick={[Function]}
    size="base"
  >
    <span
      className="sc-dnqmqq fmChSf sc-chips-icon"
      size="base"
    >
      <i
        className="fas fa-star"
      />
    </span>
    <span
      className="sc-iwsKbI jkfBoi sc-chips-text"
    >
      Clickable Chip
    </span>
  </div>
  <h3
    className="sc-gqjmRU eVYvlN"
  >
    Deletable Chip
  </h3>
  <div
    className="sc-htoDjs kCoBe sc-chips"
    size="base"
  >
    <span
      className="sc-dnqmqq fUrOWU sc-chips-icon"
      size="base"
    >
      <i
        className="fas fa-star"
      />
    </span>
    <span
      className="sc-iwsKbI jkfBoi sc-chips-text"
      onRemove={[Function]}
    >
      Deletable
    </span>
    <button
      className="sc-bxivhb hlXsmk sc-chips-remove"
      disabled={false}
      onClick={[Function]}
      size="base"
      title=""
      type="button"
    >
      <span
        className="sc-bZQynM iMWVsx"
      >
        <span
          className="sc-button-text"
        >
          <span
            className="sc-ifAKCX bccMeP"
            size="base"
          >
            <i
              className="fas fa-times"
            />
          </span>
          <span
            className="sc-EHOje boinrg"
          >
            
          </span>
        </span>
      </span>
    </button>
  </div>
  <div
    className="sc-htoDjs czkcKz sc-chips"
    size="base"
  >
    <span
      className="sc-dnqmqq hIRPMN sc-chips-icon"
      size="base"
    >
      <i
        className="fas fa-star"
      />
    </span>
    <span
      className="sc-iwsKbI jkfBoi sc-chips-text"
      onRemove={[Function]}
    >
      Deletable
    </span>
    <button
      className="sc-bxivhb hlXsmk sc-chips-remove"
      disabled={false}
      onClick={[Function]}
      size="base"
      title=""
      type="button"
    >
      <span
        className="sc-bZQynM iMWVsx"
      >
        <span
          className="sc-button-text"
        >
          <span
            className="sc-ifAKCX bccMeP"
            size="base"
          >
            <i
              className="fas fa-times"
            />
          </span>
          <span
            className="sc-EHOje boinrg"
          >
            
          </span>
        </span>
      </span>
    </button>
  </div>
  <div
    className="sc-htoDjs dLulgF sc-chips"
    size="base"
  >
    <span
      className="sc-dnqmqq gDHVpp sc-chips-icon"
      size="base"
    >
      <i
        className="fas fa-star"
      />
    </span>
    <span
      className="sc-iwsKbI jkfBoi sc-chips-text"
      onRemove={[Function]}
    >
      Deletable
    </span>
    <button
      className="sc-bxivhb hlXsmk sc-chips-remove"
      disabled={false}
      onClick={[Function]}
      size="base"
      title=""
      type="button"
    >
      <span
        className="sc-bZQynM iMWVsx"
      >
        <span
          className="sc-button-text"
        >
          <span
            className="sc-ifAKCX bccMeP"
            size="base"
          >
            <i
              className="fas fa-times"
            />
          </span>
          <span
            className="sc-EHOje boinrg"
          >
            
          </span>
        </span>
      </span>
    </button>
  </div>
  <div
    className="sc-htoDjs egXQuG sc-chips"
    size="base"
  >
    <span
      className="sc-dnqmqq fmChSf sc-chips-icon"
      size="base"
    >
      <i
        className="fas fa-star"
      />
    </span>
    <span
      className="sc-iwsKbI jkfBoi sc-chips-text"
      onRemove={[Function]}
    >
      Deletable
    </span>
    <button
      className="sc-bxivhb hlXsmk sc-chips-remove"
      disabled={false}
      onClick={[Function]}
      size="base"
      title=""
      type="button"
    >
      <span
        className="sc-bZQynM iMWVsx"
      >
        <span
          className="sc-button-text"
        >
          <span
            className="sc-ifAKCX bccMeP"
            size="base"
          >
            <i
              className="fas fa-times"
            />
          </span>
          <span
            className="sc-EHOje boinrg"
          >
            
          </span>
        </span>
      </span>
    </button>
  </div>
  <h3
    className="sc-gqjmRU eVYvlN"
  >
    Different sizes
  </h3>
  <div
    className="sc-htoDjs kYYWSZ sc-chips"
    size="smaller"
  >
    <span
      className="sc-dnqmqq fUrOWU sc-chips-icon"
      size="smaller"
    >
      <i
        className="fas fa-star"
      />
    </span>
    <span
      className="sc-iwsKbI jkfBoi sc-chips-text"
      onRemove={[Function]}
    >
      Smaller
    </span>
    <button
      className="sc-bxivhb hZXHMm sc-chips-remove"
      disabled={false}
      onClick={[Function]}
      size="smaller"
      title=""
      type="button"
    >
      <span
        className="sc-bZQynM iMWVsx"
      >
        <span
          className="sc-button-text"
        >
          <span
            className="sc-ifAKCX bccMeP"
            size="smaller"
          >
            <i
              className="fas fa-times"
            />
          </span>
          <span
            className="sc-EHOje boinrg"
          >
            
          </span>
        </span>
      </span>
    </button>
  </div>
  <div
    className="sc-htoDjs cYckj sc-chips"
    size="small"
  >
    <span
      className="sc-dnqmqq fUrOWU sc-chips-icon"
      size="small"
    >
      <i
        className="fas fa-star"
      />
    </span>
    <span
      className="sc-iwsKbI jkfBoi sc-chips-text"
      onRemove={[Function]}
    >
      Small
    </span>
    <button
      className="sc-bxivhb dtzeEU sc-chips-remove"
      disabled={false}
      onClick={[Function]}
      size="small"
      title=""
      type="button"
    >
      <span
        className="sc-bZQynM iMWVsx"
      >
        <span
          className="sc-button-text"
        >
          <span
            className="sc-ifAKCX bccMeP"
            size="small"
          >
            <i
              className="fas fa-times"
            />
          </span>
          <span
            className="sc-EHOje boinrg"
          >
            
          </span>
        </span>
      </span>
    </button>
  </div>
  <div
    className="sc-htoDjs dLulgF sc-chips"
    size="base"
  >
    <span
      className="sc-dnqmqq gDHVpp sc-chips-icon"
      size="base"
    >
      <i
        className="fas fa-star"
      />
    </span>
    <span
      className="sc-iwsKbI jkfBoi sc-chips-text"
      onRemove={[Function]}
    >
      Base
    </span>
    <button
      className="sc-bxivhb hlXsmk sc-chips-remove"
      disabled={false}
      onClick={[Function]}
      size="base"
      title=""
      type="button"
    >
      <span
        className="sc-bZQynM iMWVsx"
      >
        <span
          className="sc-button-text"
        >
          <span
            className="sc-ifAKCX bccMeP"
            size="base"
          >
            <i
              className="fas fa-times"
            />
          </span>
          <span
            className="sc-EHOje boinrg"
          >
            
          </span>
        </span>
      </span>
    </button>
  </div>
  <div
    className="sc-htoDjs hkTTrw sc-chips"
    size="large"
  >
    <span
      className="sc-dnqmqq hIRPMN sc-chips-icon"
      size="large"
    >
      <i
        className="fas fa-star"
      />
    </span>
    <span
      className="sc-iwsKbI jkfBoi sc-chips-text"
      onRemove={[Function]}
    >
      Large
    </span>
    <button
      className="sc-bxivhb eHcDCr sc-chips-remove"
      disabled={false}
      onClick={[Function]}
      size="large"
      title=""
      type="button"
    >
      <span
        className="sc-bZQynM iMWVsx"
      >
        <span
          className="sc-button-text"
        >
          <span
            className="sc-ifAKCX bccMeP"
            size="large"
          >
            <i
              className="fas fa-times"
            />
          </span>
          <span
            className="sc-EHOje boinrg"
          >
            
          </span>
        </span>
      </span>
    </button>
  </div>
  <div
    className="sc-htoDjs jovKdM sc-chips"
    size="larger"
  >
    <span
      className="sc-dnqmqq gDHVpp sc-chips-icon"
      size="larger"
    >
      <i
        className="fas fa-star"
      />
    </span>
    <span
      className="sc-iwsKbI jkfBoi sc-chips-text"
      onRemove={[Function]}
    >
      Larger
    </span>
    <button
      className="sc-bxivhb eSygCd sc-chips-remove"
      disabled={false}
      onClick={[Function]}
      size="larger"
      title=""
      type="button"
    >
      <span
        className="sc-bZQynM iMWVsx"
      >
        <span
          className="sc-button-text"
        >
          <span
            className="sc-ifAKCX bccMeP"
            size="larger"
          >
            <i
              className="fas fa-times"
            />
          </span>
          <span
            className="sc-EHOje boinrg"
          >
            
          </span>
        </span>
      </span>
    </button>
  </div>
</div>
`;
