// Jest Snapshot v1, https://goo.gl/fbAQLP

exports[`Storyshots Checkbox Default 1`] = `
<div>
  <h3>
    Checkbox checked
  </h3>
  <label
    checked={true}
    className="sc-bwzfXH hVzLpS sc-checkbox"
  >
    <input
      checked={true}
      data-cy="checked_checkbox"
      onChange={[Function]}
      type="checkbox"
    />
    <i
      className="fas fa-check"
    />
    <span
      className="sc-bdVaJa hAWWmg text"
    >
      interested?
    </span>
  </label>
  <h3>
    Checkbox unchecked
  </h3>
  <label
    checked={false}
    className="sc-bwzfXH gvHcHm sc-checkbox"
  >
    <input
      checked={false}
      onChange={[Function]}
      type="checkbox"
    />
    <i
      className="fas fa-check"
    />
    <span
      className="sc-bdVaJa hAWWmg text"
    >
      interested?
    </span>
  </label>
  <h3>
    Checkbox disabled
  </h3>
  <label
    checked={false}
    className="sc-bwzfXH fvhYca sc-checkbox"
    disabled={true}
  >
    <input
      checked={false}
      disabled={true}
      onChange={[Function]}
      type="checkbox"
    />
    <i
      className="fas fa-check"
    />
    <span
      className="sc-bdVaJa hAWWmg text"
    >
      interested?
    </span>
  </label>
</div>
`;
