// Jest Snapshot v1, https://goo.gl/fbAQLP

exports[`Storyshots billboard-gaugechart Default 1`] = `
<div>
  <h3>
    billboard gaugechart demo
  </h3>
  <div
    className="sc-bdVaJa bDWFJH sc-billboardgaugechart"
    id="gaugeChart"
  />
</div>
`;
