// Jest Snapshot v1, https://goo.gl/fbAQLP

exports[`Storyshots Tabs Default 1`] = `
<div
  className="sc-EHOje jlgJjP"
>
  <h3
    className="sc-bZQynM icxdmh"
  >
    Default Tabs 
  </h3>
  <div
    className="sc-bdVaJa iROZJK sc-tabs"
  >
    <div
      className="sc-bwzfXH ihlkSE sc-tabs-bar"
    >
      <div
        className="sc-htpNat jSgFvj sc-tabs-item"
        onClick={[Function]}
        selected={true}
      >
        <p
          className="sc-bxivhb eiKNeJ sc-tabs-item-title"
          selected={true}
        >
          Detail
        </p>
      </div>
      <div
        className="sc-htpNat LnRTI sc-tabs-item"
        onClick={[Function]}
        selected={false}
      >
        <p
          className="sc-bxivhb hOkedh sc-tabs-item-title"
          selected={false}
        >
          Pods
        </p>
      </div>
      <div
        className="sc-htpNat LnRTI sc-tabs-item"
        onClick={[Function]}
        selected={false}
      >
        <p
          className="sc-bxivhb hOkedh sc-tabs-item-title"
          selected={false}
        >
          Volumes
        </p>
      </div>
    </div>
    <div
      className="sc-ifAKCX hpMKg sc-tabs-item-content"
    />
  </div>
</div>
`;
