// Jest Snapshot v1, https://goo.gl/fbAQLP

exports[`Storyshots Tooltip Default 1`] = `
<div
  className="sc-iwsKbI dWcBsk"
>
  <div>
    <h3
      className="sc-gZMcBi fZLiIC"
    >
      Default Tooltip
    </h3>
    <div
      className="sc-bdVaJa jCeSos sc-tooltip"
      onMouseEnter={[Function]}
      onMouseLeave={[Function]}
    >
      <span
        className="sc-gqjmRU eVYvlN"
      >
        Hover here!
      </span>
    </div>
  </div>
  <div>
    <h3
      className="sc-gZMcBi fZLiIC"
    >
      Tooltip right
    </h3>
    <div
      className="sc-bdVaJa jCeSos sc-tooltip"
      onMouseEnter={[Function]}
      onMouseLeave={[Function]}
    >
      <span
        className="sc-gqjmRU eVYvlN"
      >
        Hover here!
      </span>
    </div>
  </div>
  <div
    style={
      Object {
        "marginLeft": "100px",
      }
    }
  >
    <h3
      className="sc-gZMcBi fZLiIC"
    >
      Tooltip left
    </h3>
    <div
      className="sc-bdVaJa jCeSos sc-tooltip"
      onMouseEnter={[Function]}
      onMouseLeave={[Function]}
    >
      <span
        className="sc-gqjmRU eVYvlN"
      >
        Hover here!
      </span>
    </div>
  </div>
  <div>
    <h3
      className="sc-gZMcBi fZLiIC"
    >
      Tooltip bottom
    </h3>
    <div
      className="sc-bdVaJa jCeSos sc-tooltip"
      onMouseEnter={[Function]}
      onMouseLeave={[Function]}
    >
      <span
        className="sc-gqjmRU eVYvlN"
      >
        Hover here!
      </span>
    </div>
  </div>
  <div>
    <h3
      className="sc-gZMcBi fZLiIC"
    >
      Customize your tooltip style
    </h3>
    <div
      className="sc-bdVaJa jCeSos sc-tooltip"
      onMouseEnter={[Function]}
      onMouseLeave={[Function]}
    >
      <span
        className="sc-gqjmRU eVYvlN"
      >
        Hover here!
      </span>
    </div>
  </div>
  <div>
    <h3
      className="sc-gZMcBi fZLiIC"
    >
      Tooltip with button
    </h3>
    <div
      className="sc-bdVaJa jCeSos sc-tooltip"
      onMouseEnter={[Function]}
      onMouseLeave={[Function]}
    >
      <button
        className="sc-EHOje eohUkg sc-button"
        disabled={false}
        size="small"
        title=""
        type="button"
      >
        <span
          className="sc-htoDjs fHktW"
        >
          <span
            className="sc-button-text"
          >
            <span
              className="sc-gzVnrw jIdixa"
            >
              Hover here
            </span>
          </span>
        </span>
      </button>
    </div>
  </div>
  <div>
    <h3
      className="sc-gZMcBi fZLiIC"
    >
      add icon in the overlay of tooltip
    </h3>
    <div
      className="sc-bdVaJa jCeSos sc-tooltip"
      onMouseEnter={[Function]}
      onMouseLeave={[Function]}
    >
      <span
        className="sc-gqjmRU eVYvlN"
      >
        tooltip with icon
      </span>
    </div>
  </div>
  <div>
    <h3
      className="sc-gZMcBi fZLiIC"
    >
      Tooltip doesn't trigger
    </h3>
    <div
      className="sc-bdVaJa jCeSos sc-tooltip"
      onMouseEnter={[Function]}
      onMouseLeave={[Function]}
    >
      <span
        className="sc-gqjmRU eVYvlN"
      >
        Hover here!
      </span>
    </div>
  </div>
</div>
`;
