// Jest Snapshot v1, https://goo.gl/fbAQLP

exports[`Storyshots VegaChart Default 1`] = `
<div
  className="sc-bwzfXH dNCSlp"
>
  <h3
    className="sc-htpNat iELaDV"
  >
    Vega-Lite wrapper - need to specify the entire spec
  </h3>
  <div
    className="sc-bdVaJa bDWFJH sc-vegachart"
    id="vis"
  />
</div>
`;
