// Jest Snapshot v1, https://goo.gl/fbAQLP

exports[`Storyshots VegaLinechart Default 1`] = `
<div
  className="sc-bdVaJa bDWFJH sc-vegalinechart"
  id="vis"
/>
`;
