// Jest Snapshot v1, https://goo.gl/fbAQLP

exports[`Storyshots Testchart Default 1`] = `
<div>
  <h3>
    Vega-Lite linechart demo
  </h3>
  <div
    className="sc-bdVaJa bDWFJH sc-testchart"
  >
    <div
      id="vis"
    />
  </div>
</div>
`;
