// Jest Snapshot v1, https://goo.gl/fbAQLP

exports[`Storyshots SearchInput Default 1`] = `
<div>
  <h3>
    Default
  </h3>
  <div
    style={
      Object {
        "width": "250px",
      }
    }
  >
    <div
      className="sc-gzVnrw kjCCUz sc-searchinput"
    >
      <div
        className="sc-bxivhb ktEkRb sc-input"
      >
        <div
          className="sc-bZQynM AMncx sc-input-wrapper"
        >
          <input
            className="sc-input-type"
            name="search"
            onBlur={[Function]}
            onChange={[Function]}
            onKeyDown={[Function]}
            placeholder="Search server..."
            type="text"
            value=""
          />
        </div>
      </div>
      <button
        className="sc-htoDjs sc-dnqmqq bGFxWO"
        disabled={false}
        onClick={[Function]}
      >
        <i
          className="fas fa-search"
        />
      </button>
      <button
        className="sc-htoDjs sc-iwsKbI dBQYwg"
        onClick={[Function]}
      >
        <i
          className="fas fa-times-circle"
        />
      </button>
    </div>
  </div>
  <h3>
    Search Input filled
  </h3>
  <div
    style={
      Object {
        "width": "250px",
      }
    }
  >
    <div
      className="sc-gzVnrw kjCCUz sc-searchinput"
      data-cy="carlito_searchinput"
    >
      <div
        className="sc-bxivhb ktEkRb sc-input"
      >
        <div
          className="sc-bZQynM AMncx sc-input-wrapper"
        >
          <input
            className="sc-input-type"
            name="search"
            onBlur={[Function]}
            onChange={[Function]}
            onKeyDown={[Function]}
            type="text"
            value="carlito"
          />
        </div>
      </div>
      <button
        className="sc-htoDjs sc-dnqmqq bGFxWO"
        disabled={false}
        onClick={[Function]}
      >
        <i
          className="fas fa-search"
        />
      </button>
      <button
        className="sc-htoDjs sc-iwsKbI dBQYwg"
        onClick={[Function]}
      >
        <i
          className="fas fa-times-circle"
        />
      </button>
    </div>
  </div>
  <h3>
    Disable the default toggle
  </h3>
  <div
    style={
      Object {
        "width": "250px",
      }
    }
  >
    <div
      className="sc-gzVnrw hqmodQ sc-searchinput"
    >
      <div
        className="sc-bxivhb ktEkRb sc-input"
      >
        <div
          className="sc-bZQynM AMncx sc-input-wrapper"
        >
          <input
            className="sc-input-type"
            name="search"
            onBlur={[Function]}
            onChange={[Function]}
            onKeyDown={[Function]}
            placeholder="Search and Filter…"
            type="text"
            value=""
          />
        </div>
      </div>
      <button
        className="sc-htoDjs sc-dnqmqq fzqjWe"
        disabled={true}
        onClick={[Function]}
      >
        <i
          className="fas fa-search"
        />
      </button>
      <button
        className="sc-htoDjs sc-iwsKbI dBQYwg"
        onClick={[Function]}
      >
        <i
          className="fas fa-times-circle"
        />
      </button>
    </div>
  </div>
  <h3>
    Disable the default toggle undefined onReset action
  </h3>
  <div
    style={
      Object {
        "width": "250px",
      }
    }
  >
    <div
      className="sc-gzVnrw hqmodQ sc-searchinput"
    >
      <div
        className="sc-bxivhb ktEkRb sc-input"
      >
        <div
          className="sc-bZQynM AMncx sc-input-wrapper"
        >
          <input
            className="sc-input-type"
            name="search"
            onBlur={[Function]}
            onChange={[Function]}
            onKeyDown={[Function]}
            placeholder="Search and Filter…"
            type="text"
            value=""
          />
        </div>
      </div>
      <button
        className="sc-htoDjs sc-dnqmqq fzqjWe"
        disabled={true}
        onClick={[Function]}
      >
        <i
          className="fas fa-search"
        />
      </button>
      <button
        className="sc-htoDjs sc-iwsKbI dBQYwg"
        onClick={[Function]}
      >
        <i
          className="fas fa-times-circle"
        />
      </button>
    </div>
  </div>
</div>
`;
