// Jest Snapshot v1, https://goo.gl/fbAQLP

exports[`Storyshots VegaTestChart Default 1`] = `
<div>
  <div
    className="sc-bdVaJa bDWFJH sc-vegatestchart"
  />
</div>
`;
